// Jest Snapshot v1, https://goo.gl/fbAQLP

exports[`TodoListWrapper renders correctly 1`] = `
<div
  className="main-wrapper"
>
  <div
    className="main-container row"
  >
    <div
      className="col"
    >
      <div>
        <input
          autoFocus="true"
          onKeyPress={[Function]}
          placeholder="What to do?"
          type="text"
        />
      </div>
      <ul
        className="container"
      />
    </div>
  </div>
</div>
`;
